// Jest Snapshot v1, https://goo.gl/fbAQLP

exports[`should return type for a "dictionary" type array 1`] = `
"export interface ComplexDto {
    name?: string;
}
export interface MainDto {
    contributors: {
[key in Role]: ComplexDto[]; 
 }; 
}
export type Role = 'role1' | 'role2' | 'role3';
 
"
`;
